// Jest Snapshot v1, https://goo.gl/fbAQLP

exports[`renders CategoryList Correctly 1`] = `
<div>
  <div
    class="container"
  >
    <h3
      class="categoryTitle"
    >
      All Pet Categories
    </h3>
    <ul
      class="listContainer"
    />
  </div>
</div>
`;
